Executing action: flash
Running ninja in directory /home/srinidhi/esp/rtc_assignments/tda_app/build
Executing "ninja flash"...
[1/5] cd /home/srinidhi/esp/rtc_assignments/tda_app/build/esp-idf/esptool_py && /home/srinidhi/.espressif/python_env/idf5.2_py3.12_env/bin/python /home/srinidhi/esp/esp-idf/components/partition_table/check_sizes.py --offset 0x8000 partition --type app /home/srinidhi/esp/rtc_assignments/tda_app/build/partition_table/partition-table.bin /home/srinidhi/esp/rtc_assignments/tda_app/build/tda_app.bin
tda_app.bin binary size 0x32480 bytes. Smallest app partition is 0x100000 bytes. 0xcdb80 bytes (80%) free.
[2/5] Performing build step for 'bootloader'
[1/1] cd /home/srinidhi/esp/rtc_assignments/tda_app/build/bootloader/esp-idf/esptool_py && /home/srinidhi/.espressif/python_env/idf5.2_py3.12_env/bin/python /home/srinidhi/esp/esp-idf/components/partition_table/check_sizes.py --offset 0x8000 bootloader 0x1000 /home/srinidhi/esp/rtc_assignments/tda_app/build/bootloader/bootloader.bin
Bootloader binary size 0x6710 bytes. 0x8f0 bytes (8%) free.
[3/5] No install step for 'bootloader'
[4/5] Completed 'bootloader'
[4/5] cd /home/srinidhi/esp/esp-idf/components/esptool_py && /usr/bin/cmake -D IDF_PATH=/home/srinidhi/esp/esp-idf -D "SERIAL_TOOL=/home/srinidhi/.espressif/python_env/idf5.2_py3.12_env/bin/python;;/home/srinidhi/esp/esp-idf/components/esptool_py/esptool/esptool.py;--chip;esp32" -D "SERIAL_TOOL_ARGS=--before=default_reset;--after=hard_reset;write_flash;@flash_args" -D WORKING_DIRECTORY=/home/srinidhi/esp/rtc_assignments/tda_app/build -P /home/srinidhi/esp/esp-idf/components/esptool_py/run_serial_tool.cmake
esptool.py --chip esp32 -p /dev/ttyUSB0 -b 460800 --before=default_reset --after=hard_reset write_flash --flash_mode dio --flash_freq 40m --flash_size 2MB 0x1000 bootloader/bootloader.bin 0x10000 tda_app.bin 0x8000 partition_table/partition-table.bin
esptool.py v4.8.1
Serial port /dev/ttyUSB0
Connecting....
Chip is ESP32-D0WD-V3 (revision v3.1)
Features: WiFi, BT, Dual Core, 240MHz, VRef calibration in efuse, Coding Scheme None
Crystal is 40MHz
MAC: b0:a7:32:27:f4:a8
Uploading stub...
Running stub...
Stub running...
Changing baud rate to 460800
Changed.
Configuring flash size...
Flash will be erased from 0x00001000 to 0x00007fff...
Flash will be erased from 0x00010000 to 0x00042fff...
Flash will be erased from 0x00008000 to 0x00008fff...
SHA digest in image updated
Compressed 26384 bytes to 16212...
Writing at 0x00001000... (100 %)
Wrote 26384 bytes (16212 compressed) at 0x00001000 in 0.5 seconds (effective 429.5 kbit/s)...
Hash of data verified.
Compressed 205952 bytes to 105969...
Writing at 0x00010000... (14 %)
Writing at 0x0001be51... (28 %)
Writing at 0x00021f34... (42 %)
Writing at 0x00027dc1... (57 %)
Writing at 0x0002ec59... (71 %)
Writing at 0x00039188... (85 %)
Writing at 0x0003f391... (100 %)
Wrote 205952 bytes (105969 compressed) at 0x00010000 in 2.5 seconds (effective 654.5 kbit/s)...
Hash of data verified.
Compressed 3072 bytes to 103...
Writing at 0x00008000... (100 %)
Wrote 3072 bytes (103 compressed) at 0x00008000 in 0.0 seconds (effective 1894.7 kbit/s)...
Hash of data verified.

Leaving...
Hard resetting via RTS pin...
Executing action: monitor
Running idf_monitor in directory /home/srinidhi/esp/rtc_assignments/tda_app
Executing "/home/srinidhi/.espressif/python_env/idf5.2_py3.12_env/bin/python /home/srinidhi/esp/esp-idf/tools/idf_monitor.py -p /dev/ttyUSB0 -b 115200 --toolchain-prefix xtensa-esp32-elf- --target esp32 --revision 0 /home/srinidhi/esp/rtc_assignments/tda_app/build/tda_app.elf -m '/home/srinidhi/.espressif/python_env/idf5.2_py3.12_env/bin/python' '/home/srinidhi/esp/esp-idf/tools/idf.py' '-p' '/dev/ttyUSB0'"...
m
[0;32mI (211ets Jul 29 2019 12:21:46

rst:0x1 (POWERON_RESET),boot:0x13 (SPI_FAST_FLASH_BOOT)
configsip: 0, SPIWP:0xee
clk_drv:0x00,q_drv:0x00,d_drv:0x00,cs0_drv:0x00,hd_drv:0x00,wp_drv:0x00
mode:DIO, clock div:2
load:0x3fff0030,len:7168
load:0x40078000,len:15428
ho 0 tail 12 room 4
load:0x40080400,len:4
load:0x40080404,len:3684
entry 0x40080614
[0;32mI (31) boot: ESP-IDF v5.2.3-dirty 2nd stage bootloader[0m
[0;32mI (31) boot: compile time Nov 30 2024 15:25:37[0m
[0;33mW (31) boot: Unicore bootloader[0m
[0;32mI (36) boot: chip revision: v3.1[0m
[0;32mI (40) boot.esp32: SPI Speed      : 40MHz[0m
[0;32mI (44) boot.esp32: SPI Mode       : DIO[0m
[0;32mI (49) boot.esp32: SPI Flash Size : 2MB[0m
[0;32mI (53) boot: Enabling RNG early entropy source...[0m
[0;32mI (59) boot: Partition Table:[0m
[0;32mI (62) boot: ## Label            Usage          Type ST Offset   Length[0m
[0;32mI (70) boot:  0 nvs              WiFi data        01 02 00009000 00006000[0m
[0;32mI (77) boot:  1 phy_init         RF data          01 01 0000f000 00001000[0m
[0;32mI (84) boot:  2 factory          factory app      00 00 00010000 00100000[0m
[0;32mI (92) boot: End of partition table[0m
[0;32mI (96) esp_image: segment 0: paddr=00010020 vaddr=3f400020 size=0af84h ( 44932) map[0m
[0;32mI (120) esp_image: segment 1: paddr=0001afac vaddr=3ffb0000 size=01868h (  6248) load[0m
[0;32mI (123) esp_image: segment 2: paddr=0001c81c vaddr=40080000 size=037fch ( 14332) load[0m
[0;32mI (132) esp_image: segment 3: paddr=00020020 vaddr=400d0020 size=19398h (103320) map[0m
[0;32mI (170) esp_image: segment 4: paddr=000393c0 vaddr=400837fc size=09090h ( 37008) load[0m
[0;32mI (191) boot: Loaded app from partition at offset 0x10000[0m
[0;32mI (191) boot: Disabling RNG early entropy source...[0m
[0;32mI (202) cpu_start: Unicore app[0m
[0;32mI (203) cpu_start: Single core mode[0m
[0;32mI (210) cpu_start: Pro cpu start user code[0m
[0;32mI (211) cpu_start: cpu freq: 160000000 Hz[0m
[0;32mI (211) cpu_start: Application information:[0m
[0;32mI (215) cpu_start: Project name:     tda_app[0m
[0;32mI (220) cpu_start: App version:      d0bc477-dirty[0m
[0;32mI (226) cpu_start: Compile time:     Dec  1 2024 15:08:06[0m
[0;32mI (232) cpu_start: ELF file SHA256:  6a894142ba92e36d...[0m
[0;32mI (238) cpu_start: ESP-IDF:          v5.2.3-dirty[0m
[0;32mI (243) cpu_start: Min chip rev:     v0.0[0m
[0;32mI (248) cpu_start: Max chip rev:     v3.99 [0m
[0;32mI (253) cpu_start: Chip rev:         v3.1[0m
[0;32mI (258) heap_init: Initializing. RAM available for dynamic allocation:[0m
[0;32mI (265) heap_init: At 3FFAE6E0 len 00001920 (6 KiB): DRAM[0m
[0;32mI (271) heap_init: At 3FFB2078 len 0002DF88 (183 KiB): DRAM[0m
[0;32mI (277) heap_init: At 3FFE0440 len 0001FBC0 (126 KiB): D/IRAM[0m
[0;32mI (284) heap_init: At 40078000 len 00008000 (32 KiB): IRAM[0m
[0;32mI (290) heap_init: At 4008C88C len 00013774 (77 KiB): IRAM[0m
[0;32mI (296) heap_init: At 3FF80000 len 00002000 (8 KiB): RTCRAM[0m
[0;32mI (304) spi_flash: detected chip: generic[0m
[0;32mI (307) spi_flash: flash io: dio[0m
[0;33mW (311) spi_flash: Detected size(4096k) larger than the size in the binary image header(2048k). Using the size in the binary image header.[0m
[0;33mW (324) i2c: This driver is an old driver, please migrate your application code to adapt `driver/i2c_master.h`[0m
[0;32mI (335) main_task: Started on CPU0[0m
[0;32mI (335) main_task: Calling app_main()[0m
[0;32mI (335) gpio: GPIO[16]| InputEn: 0| OutputEn: 1| OpenDrain: 0| Pullup: 0| Pulldown: 0| Intr:0 [0m
[0;32mI (345) gpio: GPIO[17]| InputEn: 0| OutputEn: 1| OpenDrain: 0| Pullup: 0| Pulldown: 0| Intr:0 [0m
[0;32mI (355) gpio: GPIO[18]| InputEn: 0| OutputEn: 1| OpenDrain: 0| Pullup: 0| Pulldown: 0| Intr:0 [0m
bavck to add mainTask 1: (4,2)
Utilization Test: 0.911
Completion Test: 0
TDA: 0
Task 2: (7,2)
Utilization Test: 0.911
Completion Test: 0
TDA: 0
Task 3: (8,1)
Utilization Test: 0.911
Completion Test: 0
TDA: 0
Task 1: (4,2)
Utilization Test: 0.911
Completion Test: 0
TDA: 0
Task 2: (7,2)
Utilization Test: 0.911
Completion Test: 0
TDA: 0
Task 3: (8,1)
Utilization Test: 0.911
Completion Test: 0
TDA: 0
Task 1: (4,2)
Utilization Test: 0.911
Completion Test: 0
TDA: 0
Task 2: (7,2)
Utilization Test: 0.911
Completion Test: 0
TDA: 0
Task 3: (8,1)
Utilization Test: 0.911
Completion Test: 0
TDA: 0
Done
