Executing action: monitor
Running idf_monitor in directory /Users/sohan/Developer/embedded-workspace/rtc_assignments/chatterbox_app
Executing "/Users/sohan/.espressif/python_env/idf5.3_py3.12_env/bin/python /Users/sohan/Tools/esp/esp-idf/tools/idf_monitor.py -p /dev/tty.usbserial-0001 -b 115200 --toolchain-prefix xtensa-esp32-elf- --target esp32 --revision 0 /Users/sohan/Developer/embedded-workspace/rtc_assignments/chatterbox_app/build/chatterbox_app.elf -m '/Users/sohan/.espressif/python_env/idf5.3_py3.12_env/bin/python' '/Users/sohan/Tools/esp/esp-idf/tools/idf.py' '-p' '/dev/tty.usbserial-0001'"...
0;33mW (29) boot: Unicore bootloader[0m
[0;32mI (34) boot: chï¿½[0;32mI (42) boot.esp32: SPI Mode       : DIO[0m
[0;32mI (47) boot.esp32: SPI Flash Size : 2MB[0m
[0;32mI (51) boot: Enabling RNG early entropy source...[0m
[0;32mI (57) boot: Partition Table:[0mï¿½ets Jul 29 2019 12:21:46

rst:0x1 (POWERON_RESET),boot:0x13 (SPI_FAST_FLASH_BOOT)
configsip: 0, SPIWP:0xee
clk_drv:0x00,q_drv:0x00,d_drv:0x00,cs0_drv:0x00,hd_drv:0x00,wp_drv:0x00
mode:DIO, clock div:2
load:0x3fff0030,len:7168
load:0x40078000,len:15452
load:0x40080400,len:4
load:0x40080404,len:3684
entry 0x40080614
[0;32mI (29) boot: ESP-IDF v5.3.1-dirty 2nd stage bootloader[0m
[0;32mI (29) boot: compile time Nov  3 2024 19:37:39[0m
[0;33mW (29) boot: Unicore bootloader[0m
[0;32mI (34) boot: chip revision: v3.1[0m
[0;32mI (38) boot.esp32: SPI Speed      : 40MHz[0m
[0;32mI (42) boot.esp32: SPI Mode       : DIO[0m
[0;32mI (47) boot.esp32: SPI Flash Size : 2MB[0m
[0;32mI (51) boot: Enabling RNG early entropy source...[0m
[0;32mI (57) boot: Partition Table:[0m
[0;32mI (60) boot: ## Label            Usage          Type ST Offset   Length[0m
[0;32mI (68) boot:  0 nvs              WiFi data        01 02 00009000 00006000[0m
[0;32mI (75) boot:  1 phy_init         RF data          01 01 0000f000 00001000[0m
[0;32mI (83) boot:  2 factory          factory app      00 00 00010000 00100000[0m
[0;32mI (90) boot: End of partition table[0m
[0;32mI (94) esp_image: segment 0: paddr=00010020 vaddr=3f400020 size=08fb0h ( 36784) map[0m
[0;32mI (115) esp_image: segment 1: paddr=00018fd8 vaddr=3ffb0000 size=01928h (  6440) load[0m
[0;32mI (118) esp_image: segment 2: paddr=0001a908 vaddr=40080000 size=05710h ( 22288) load[0m
[0;32mI (131) esp_image: segment 3: paddr=00020020 vaddr=400d0020 size=13fe4h ( 81892) map[0m
[0;32mI (159) esp_image: segment 4: paddr=0003400c vaddr=40085710 size=05dd0h ( 24016) load[0m
[0;32mI (174) boot: Loaded app from partition at offset 0x10000[0m
[0;32mI (174) boot: Disabling RNG early entropy source...[0m
[0;32mI (186) cpu_start: Unicore app[0m
[0;32mI (186) cpu_start: Single core mode[0m
[0;32mI (196) cpu_start: Pro cpu start user code[0m
[0;32mI (196) cpu_start: cpu freq: 160000000 Hz[0m
[0;32mI (197) app_init: Application information:[0m
[0;32mI (201) app_init: Project name:     chatterbox_app[0m
[0;32mI (207) app_init: App version:      1[0m
[0;32mI (211) app_init: Compile time:     Nov  3 2024 19:35:44[0m
[0;32mI (217) app_init: ELF file SHA256:  9dbb48769...[0m
[0;32mI (222) app_init: ESP-IDF:          v5.3.1-dirty[0m
[0;32mI (228) efuse_init: Min chip rev:     v0.0[0m
[0;32mI (232) efuse_init: Max chip rev:     v3.99 [0m
[0;32mI (237) efuse_init: Chip rev:         v3.1[0m
[0;32mI (242) heap_init: Initializing. RAM available for dynamic allocation:[0m
[0;32mI (250) heap_init: At 3FFAE6E0 len 00001920 (6 KiB): DRAM[0m
[0;32mI (255) heap_init: At 3FFB2108 len 0002DEF8 (183 KiB): DRAM[0m
[0;32mI (262) heap_init: At 3FFE0440 len 0001FBC0 (126 KiB): D/IRAM[0m
[0;32mI (268) heap_init: At 40078000 len 00008000 (32 KiB): IRAM[0m
[0;32mI (274) heap_init: At 4008B4E0 len 00014B20 (82 KiB): IRAM[0m
[0;32mI (280) heap_init: At 3FF80000 len 00002000 (8 KiB): RTCRAM[0m
[0;32mI (288) spi_flash: detected chip: generic[0m
[0;32mI (291) spi_flash: flash io: dio[0m
[0;33mW (295) spi_flash: Detected size(4096k) larger than the size in the binary image header(2048k). Using the size in the binary image header.[0m
[0;32mI (309) main_task: Started on CPU0[0m
[0;32mI (309) main_task: Calling app_main()[0m
[0;32mI (309) gpio: GPIO[16]| InputEn: 0| OutputEn: 1| OpenDrain: 0| Pullup: 0| Pulldown: 0| Intr:0 [0m
[0;32mI (319) gpio: GPIO[17]| InputEn: 0| OutputEn: 1| OpenDrain: 0| Pullup: 0| Pulldown: 0| Intr:0 [0m
[0;32mI (329) gpio: GPIO[18]| InputEn: 0| OutputEn: 1| OpenDrain: 0| Pullup: 0| Pulldown: 0| Intr:0 [0m
Nothing to see yet
EXEC: Task 2 (1/2)
[0;32mI (339) main_task: Returned from app_main()[0m
EXEC: Task 1 (1/1)
EXEC: Task 2 (2/2)
EXEC: Task 3 (1/1)
EXEC: Task 1 (2/1)
EXEC: Task 2 (3/2)
EXEC: Task 2 (4/2)
EXEC: Task 1 (3/1)
EXEC: Task 3 (2/1)
EXEC: Task 2 (5/2)
EXEC: Task 1 (4/1)
EXEC: Task 2 (6/2)
EXEC: Task 3 (3/1)
EXEC: Task 1 (5/1)
EXEC: Task 2 (7/2)
EXEC: Task 2 (8/2)
EXEC: Task 1 (6/1)
EXEC: Task 2 (9/2)
EXEC: Task 1 (7/1)
EXEC: Task 2 (10/2)
EXEC: Task 2 (11/2)
EXEC: Task 1 (8/1)
EXEC: Task 2 (12/2)
EXEC: Task 1 (9/1)
EXEC: Task 2 (13/2)
EXEC: Task 1 (10/1)
EXEC: Task 2 (14/2)
EXEC: Task 2 (15/2)
EXEC: Task 1 (11/1)
EXEC: Task 2 (16/2)
EXEC: Task 1 (12/1)
EXEC: Task 2 (17/2)
EXEC: Task 1 (13/1)
EXEC: Task 2 (18/2)
EXEC: Task 2 (19/2)
EXEC: Task 1 (14/1)
EXEC: Task 2 (20/2)
EXEC: Task 1 (15/1)
